Resolving dependencies...
Downloading packages...
  archive 4.3.0 (4.4.0 available)
  cli_util 0.4.2 (0.6.0 available)
  code_assets 1.2.1 (2.1.0 available)
  cross_file 0.3.5+5 (0.4.0 available)
  dbus 0.7.15 (0.8.0 available)
  hooks 2.0.2 (2.2.0 available)
  image 4.10.1 (4.10.2 available)
  material_color_utilities 0.13.0 (0.13.1 available)
  meta 1.18.3 (1.19.0 available)
  objective_c 9.5.0 (9.6.2 available)
  petitparser 7.0.2 (7.1.0 available)
  qr 3.0.2 (4.0.0 available)
  record_use 0.6.0 (1.1.1 available)
  test_api 0.7.12 (0.7.15 available)
  vector_math 2.4.0 (2.4.3 available)
  xml 7.0.1 (7.1.0 available)
Got dependencies!
16 packages have newer versions incompatible with dependency constraints.
Try `flutter pub outdated` for more information.
Running Gradle task 'assembleDebug'...                          
Loading package information...                                                  
Loading local repository...                                                     
[                                       ] 3% Loading local repository...        
[                                       ] 3% Fetch remote repository...         
[=                                      ] 3% Fetch remote repository...         
[=                                      ] 4% Fetch remote repository...         
[=                                      ] 5% Fetch remote repository...         
[==                                     ] 5% Fetch remote repository...         
[==                                     ] 6% Fetch remote repository...         
[==                                     ] 7% Fetch remote repository...         
[==                                     ] 7% Computing updates...               
[===                                    ] 8% Computing updates...               
[===                                    ] 10% Computing updates...              
[===                                    ] 10% Installing NDK (Side by side) 28.2
[===                                    ] 10% Downloading android-ndk-r28c-linux
[====                                   ] 10% Downloading android-ndk-r28c-linux
[====                                   ] 11% Downloading android-ndk-r28c-linux
[====                                   ] 12% Downloading android-ndk-r28c-linux
[=====                                  ] 13% Downloading android-ndk-r28c-linux
[=====                                  ] 14% Downloading android-ndk-r28c-linux
[=====                                  ] 15% Downloading android-ndk-r28c-linux
[======                                 ] 15% Downloading android-ndk-r28c-linux
[======                                 ] 16% Downloading android-ndk-r28c-linux
[======                                 ] 17% Downloading android-ndk-r28c-linux
[=======                                ] 18% Downloading android-ndk-r28c-linux
[=======                                ] 19% Downloading android-ndk-r28c-linux
[=======                                ] 20% Downloading android-ndk-r28c-linux
[========                               ] 20% Downloading android-ndk-r28c-linux
[========                               ] 21% Downloading android-ndk-r28c-linux
[========                               ] 22% Downloading android-ndk-r28c-linux
[=========                              ] 23% Downloading android-ndk-r28c-linux
[=========                              ] 24% Downloading android-ndk-r28c-linux
[=========                              ] 25% Downloading android-ndk-r28c-linux
[==========                             ] 25% Downloading android-ndk-r28c-linux
[==========                             ] 26% Downloading android-ndk-r28c-linux
[==========                             ] 27% Downloading android-ndk-r28c-linux
[===========                            ] 28% Downloading android-ndk-r28c-linux
[===========                            ] 29% Downloading android-ndk-r28c-linux
[===========                            ] 30% Downloading android-ndk-r28c-linux
[============                           ] 30% Downloading android-ndk-r28c-linux
[============                           ] 31% Downloading android-ndk-r28c-linux
[============                           ] 32% Downloading android-ndk-r28c-linux
[============                           ] 33% Downloading android-ndk-r28c-linux
[============                           ] 33% Unzipping...                      
[============                           ] 33% Unzipping... android-ndk-r28c/    
[============                           ] 33% Unzipping... android-ndk-r28c/READ
[=============                          ] 33% Unzipping... android-ndk-r28c/READ
[=============                          ] 33% Unzipping... android-ndk-r28c/meta
[=============                          ] 33% Unzipping... android-ndk-r28c/shad
[=============                          ] 33% Unzipping... android-ndk-r28c/ndk-
[=============                          ] 33% Unzipping... android-ndk-r28c/wrap
[=============                          ] 33% Unzipping... android-ndk-r28c/ndk-
[=============                          ] 33% Unzipping... android-ndk-r28c/tool
[=============                          ] 34% Unzipping... android-ndk-r28c/tool
[=============                          ] 35% Unzipping... android-ndk-r28c/tool
[==============                         ] 35% Unzipping... android-ndk-r28c/tool
[==============                         ] 36% Unzipping... android-ndk-r28c/tool
[==============                         ] 37% Unzipping... android-ndk-r28c/tool
[===============                        ] 38% Unzipping... android-ndk-r28c/tool
[===============                        ] 39% Unzipping... android-ndk-r28c/tool
[===============                        ] 40% Unzipping... android-ndk-r28c/tool
[================                       ] 40% Unzipping... android-ndk-r28c/tool
[================                       ] 41% Unzipping... android-ndk-r28c/tool
[================                       ] 42% Unzipping... android-ndk-r28c/tool
[=================                      ] 43% Unzipping... android-ndk-r28c/tool
[=================                      ] 44% Unzipping... android-ndk-r28c/tool
[=================                      ] 45% Unzipping... android-ndk-r28c/tool
[==================                     ] 45% Unzipping... android-ndk-r28c/tool
[==================                     ] 46% Unzipping... android-ndk-r28c/tool
[==================                     ] 47% Unzipping... android-ndk-r28c/tool
[===================                    ] 48% Unzipping... android-ndk-r28c/tool
[===================                    ] 49% Unzipping... android-ndk-r28c/tool
[===================                    ] 50% Unzipping... android-ndk-r28c/tool
[====================                   ] 50% Unzipping... android-ndk-r28c/tool
[====================                   ] 51% Unzipping... android-ndk-r28c/tool
[====================                   ] 52% Unzipping... android-ndk-r28c/tool
[=====================                  ] 53% Unzipping... android-ndk-r28c/tool
[=====================                  ] 54% Unzipping... android-ndk-r28c/tool
[=====================                  ] 54% Unzipping... android-ndk-r28c/buil
[=====================                  ] 54% Unzipping... android-ndk-r28c/sour
[=====================                  ] 54% Unzipping... android-ndk-r28c/NOTI
[=====================                  ] 54% Unzipping... android-ndk-r28c/ndk-
[=====================                  ] 54% Unzipping... android-ndk-r28c/NOTI
[=====================                  ] 54% Unzipping... android-ndk-r28c/pyth
[=====================                  ] 54% Unzipping... android-ndk-r28c/preb
[=====================                  ] 54% Unzipping... android-ndk-r28c/ndk-
[=====================                  ] 54% Unzipping... android-ndk-r28c/sour
[=====================                  ] 54% Unzipping... android-ndk-r28c/simp
[=====================                  ] 55% Unzipping... android-ndk-r28c/simp
[=====================                  ] 55% Unzipping... android-ndk-r28c/CHAN
[=======================================] 100% Unzipping... android-ndk-r28c/CHA

WARNING: Your app uses the following plugins that apply Kotlin Gradle Plugin (KGP): home_widget, in_app_review
Future versions of Flutter will fail to build if your app uses plugins that apply KGP.

Please check the changelogs of these plugins and upgrade to a version that supports Built-in Kotlin.
If no such version exists, report the issue to the plugin. If necessary, here is a guide on filing
an issue against a plugin: https://docs.flutter.dev/release/breaking-changes/migrate-to-built-in-kotlin/for-app-developers#report-incompatible-kotlin-gradle-plugin-usage-to-plugin-authors

If you are a plugin author, please migrate your plugin to Built-in Kotlin using this guide: https://docs.flutter.dev/release/breaking-changes/migrate-to-built-in-kotlin/for-plugin-authors
Checking the license for package CMake 3.22.1 in /usr/local/lib/android/sdk/licenses
License for package CMake 3.22.1 accepted.
Preparing "Install CMake 3.22.1 v.3.22.1".
"Install CMake 3.22.1 v.3.22.1" ready.
Installing CMake 3.22.1 in /usr/local/lib/android/sdk/cmake/3.22.1
"Install CMake 3.22.1 v.3.22.1" complete.
"Install CMake 3.22.1 v.3.22.1" finished.
Running Gradle task 'assembleDebug'...                            396.3s
✓ Built build/app/outputs/flutter-apk/app-debug.apk
Installing build/app/outputs/flutter-apk/app-debug.apk...          774ms
I/Choreographer( 6007): Skipped 42 frames!  The application may be doing too much work on its main thread.
D/FlutterJNI( 6007): Sending viewport metrics to the engine.
VMServiceFlutterDriver: Connecting to Flutter application at http://127.0.0.1:45903/c0jrzBgWipE=/
VMServiceFlutterDriver: Isolate found with number: 865011944820479
VMServiceFlutterDriver: Isolate 865011944820479 is runnable.
VMServiceFlutterDriver: Isolate is paused at start.
VMServiceFlutterDriver: Attempting to resume isolate
I/flutter ( 6007): 00:00 +0: store screenshots
VMServiceFlutterDriver: Connected to Flutter application.
I/Choreographer( 6007): Skipped 44 frames!  The application may be doing too much work on its main thread.
I/OpenGLRenderer( 6007): Davey! duration=744ms; Flags=1, FrameTimelineVsyncId=7116, IntendedVsync=443877089032, Vsync=443877089032, InputEventId=0, HandleInputStart=443877643450, AnimationStart=443877645674, PerformTraversalsStart=443877647248, DrawStart=443879391993, FrameDeadline=443893755698, FrameInterval=443877634263, FrameStartTime=16666666, SyncQueued=443880044490, SyncStart=443885485291, IssueDrawCommandsStart=443893863022, SwapBuffers=444480496203, FrameCompleted=444627430707, DequeueBufferDuration=499231, QueueBufferDuration=534868, GpuCompleted=444627430707, SwapBuffersCompleted=444617829916, DisplayPresentTime=0, CommandSubmissionCompleted=444480496203, 
D/ProfileInstaller( 6007): Installing profile for io.github.rhsung1004.lifebox
D/CompatibilityChangeReporter( 6007): Compat change id reported: 236825255; UID 10192; state: ENABLED
I/CredManProvService( 6007): GetCredentialResponse error returned from framework
I/CredManProvService( 6007): GetCredentialResponse error returned from framework
VMServiceFlutterDriver: request_data message is taking a long time to complete...
D/FlutterJNI( 6007): Sending viewport metrics to the engine.
D/EGL_emulation( 6007): app_time_stats: avg=2166.41ms min=2072.30ms max=2260.52ms count=2
D/EGL_emulation( 6007): app_time_stats: avg=458.92ms min=167.66ms max=605.48ms count=3
D/EGL_emulation( 6007): app_time_stats: avg=2252.35ms min=2252.35ms max=2252.35ms count=1
D/EGL_emulation( 6007): app_time_stats: avg=765.96ms min=711.50ms max=820.43ms count=2
D/EGL_emulation( 6007): app_time_stats: avg=316.02ms min=48.03ms max=821.33ms count=4
D/EGL_emulation( 6007): app_time_stats: avg=303.68ms min=19.07ms max=818.13ms count=5
D/EGL_emulation( 6007): app_time_stats: avg=766.42ms min=715.43ms max=817.42ms count=2
D/EGL_emulation( 6007): app_time_stats: avg=4976.46ms min=4976.46ms max=4976.46ms count=1
D/EGL_emulation( 6007): app_time_stats: avg=1033.96ms min=1033.96ms max=1033.96ms count=1
W/WindowOnBackDispatcher( 6007): OnBackInvokedCallback is not enabled for the application.
W/WindowOnBackDispatcher( 6007): Set 'android:enableOnBackInvokedCallback="true"' in the application manifest.
D/EGL_emulation( 6007): app_time_stats: avg=562.51ms min=151.96ms max=816.49ms count=3
D/EGL_emulation( 6007): app_time_stats: avg=3532.42ms min=3532.42ms max=3532.42ms count=1
D/EGL_emulation( 6007): app_time_stats: avg=879.61ms min=813.68ms max=945.54ms count=2
D/EGL_emulation( 6007): app_time_stats: avg=624.08ms min=142.64ms max=902.36ms count=3
W/WindowOnBackDispatcher( 6007): OnBackInvokedCallback is not enabled for the application.
W/WindowOnBackDispatcher( 6007): Set 'android:enableOnBackInvokedCallback="true"' in the application manifest.
D/EGL_emulation( 6007): app_time_stats: avg=513.24ms min=230.50ms max=795.99ms count=2
D/EGL_emulation( 6007): app_time_stats: avg=314.59ms min=31.33ms max=816.94ms count=5
D/EGL_emulation( 6007): app_time_stats: avg=5417.91ms min=5417.91ms max=5417.91ms count=1
D/EGL_emulation( 6007): app_time_stats: avg=542.95ms min=140.72ms max=945.18ms count=2
D/EGL_emulation( 6007): app_time_stats: avg=867.32ms min=841.93ms max=892.71ms count=2
W/WindowOnBackDispatcher( 6007): OnBackInvokedCallback is not enabled for the application.
W/WindowOnBackDispatcher( 6007): Set 'android:enableOnBackInvokedCallback="true"' in the application manifest.
D/EGL_emulation( 6007): app_time_stats: avg=557.55ms min=149.31ms max=803.81ms count=3
D/EGL_emulation( 6007): app_time_stats: avg=5308.76ms min=5308.76ms max=5308.76ms count=1
D/EGL_emulation( 6007): app_time_stats: avg=891.22ms min=814.08ms max=968.37ms count=2
D/EGL_emulation( 6007): app_time_stats: avg=385.24ms min=145.31ms max=823.77ms count=3
D/EGL_emulation( 6007): app_time_stats: avg=348.98ms min=56.09ms max=817.37ms count=4
D/EGL_emulation( 6007): app_time_stats: avg=769.38ms min=712.58ms max=826.18ms count=2
D/EGL_emulation( 6007): app_time_stats: avg=5059.75ms min=5059.75ms max=5059.75ms count=1
W/WindowOnBackDispatcher( 6007): OnBackInvokedCallback is not enabled for the application.
W/WindowOnBackDispatcher( 6007): Set 'android:enableOnBackInvokedCallback="true"' in the application manifest.
D/EGL_emulation( 6007): app_time_stats: avg=1074.60ms min=1074.60ms max=1074.60ms count=1
D/EGL_emulation( 6007): app_time_stats: avg=543.97ms min=110.69ms max=807.38ms count=3
D/EGL_emulation( 6007): app_time_stats: avg=3526.69ms min=3526.69ms max=3526.69ms count=1
D/EGL_emulation( 6007): app_time_stats: avg=880.56ms min=816.98ms max=944.15ms count=2
D/EGL_emulation( 6007): app_time_stats: avg=530.14ms min=201.40ms max=858.87ms count=2
W/WindowOnBackDispatcher( 6007): OnBackInvokedCallback is not enabled for the application.
W/WindowOnBackDispatcher( 6007): Set 'android:enableOnBackInvokedCallback="true"' in the application manifest.
D/EGL_emulation( 6007): app_time_stats: avg=509.24ms min=263.99ms max=754.49ms count=2
D/EGL_emulation( 6007): app_time_stats: avg=685.30ms min=657.27ms max=713.33ms count=2
D/EGL_emulation( 6007): app_time_stats: avg=5214.34ms min=5214.34ms max=5214.34ms count=1
D/EGL_emulation( 6007): app_time_stats: avg=880.64ms min=819.57ms max=941.71ms count=2
D/EGL_emulation( 6007): app_time_stats: avg=349.64ms min=71.15ms max=831.05ms count=3
D/EGL_emulation( 6007): app_time_stats: avg=361.77ms min=36.48ms max=816.96ms count=4
D/EGL_emulation( 6007): app_time_stats: avg=1011.76ms min=1011.76ms max=1011.76ms count=1
D/EGL_emulation( 6007): app_time_stats: avg=551.14ms min=123.90ms max=812.82ms count=3
D/EGL_emulation( 6007): app_time_stats: avg=6919.94ms min=6919.94ms max=6919.94ms count=1
D/EGL_emulation( 6007): app_time_stats: avg=551.78ms min=287.50ms max=816.06ms count=2
D/EGL_emulation( 6007): app_time_stats: avg=374.15ms min=49.64ms max=824.56ms count=4
D/EGL_emulation( 6007): app_time_stats: avg=299.32ms min=23.11ms max=815.62ms count=5
D/EGL_emulation( 6007): app_time_stats: avg=766.81ms min=717.87ms max=815.75ms count=2
D/EGL_emulation( 6007): app_time_stats: avg=4814.01ms min=4814.01ms max=4814.01ms count=1
W/WindowOnBackDispatcher( 6007): OnBackInvokedCallback is not enabled for the application.
W/WindowOnBackDispatcher( 6007): Set 'android:enableOnBackInvokedCallback="true"' in the application manifest.
D/EGL_emulation( 6007): app_time_stats: avg=551.48ms min=142.23ms max=960.72ms count=2
D/EGL_emulation( 6007): app_time_stats: avg=773.75ms min=716.11ms max=831.39ms count=2
D/EGL_emulation( 6007): app_time_stats: avg=3469.98ms min=3469.98ms max=3469.98ms count=1
D/EGL_emulation( 6007): app_time_stats: avg=872.13ms min=818.86ms max=925.41ms count=2
W/WindowOnBackDispatcher( 6007): OnBackInvokedCallback is not enabled for the application.
W/WindowOnBackDispatcher( 6007): Set 'android:enableOnBackInvokedCallback="true"' in the application manifest.
D/EGL_emulation( 6007): app_time_stats: avg=585.06ms min=124.75ms max=829.13ms count=3
D/EGL_emulation( 6007): app_time_stats: avg=250.38ms min=24.17ms max=813.13ms count=4
D/EGL_emulation( 6007): app_time_stats: avg=494.25ms min=21.84ms max=816.25ms count=3
D/EGL_emulation( 6007): app_time_stats: avg=5165.96ms min=5165.96ms max=5165.96ms count=1
D/EGL_emulation( 6007): app_time_stats: avg=535.79ms min=128.01ms max=943.58ms count=2
W/WindowOnBackDispatcher( 6007): OnBackInvokedCallback is not enabled for the application.
W/WindowOnBackDispatcher( 6007): Set 'android:enableOnBackInvokedCallback="true"' in the application manifest.
D/EGL_emulation( 6007): app_time_stats: avg=812.69ms min=800.10ms max=825.27ms count=2
D/EGL_emulation( 6007): app_time_stats: avg=554.46ms min=131.43ms max=815.55ms count=3
D/EGL_emulation( 6007): app_time_stats: avg=5178.76ms min=5178.76ms max=5178.76ms count=1
D/EGL_emulation( 6007): app_time_stats: avg=882.48ms min=817.14ms max=947.82ms count=2
D/EGL_emulation( 6007): app_time_stats: avg=349.00ms min=90.78ms max=830.15ms count=3
D/EGL_emulation( 6007): app_time_stats: avg=367.55ms min=52.39ms max=812.80ms count=4
D/EGL_emulation( 6007): app_time_stats: avg=770.18ms min=718.69ms max=821.68ms count=2
D/EGL_emulation( 6007): app_time_stats: avg=5002.69ms min=5002.69ms max=5002.69ms count=1
W/WindowOnBackDispatcher( 6007): OnBackInvokedCallback is not enabled for the application.
W/WindowOnBackDispatcher( 6007): Set 'android:enableOnBackInvokedCallback="true"' in the application manifest.
D/EGL_emulation( 6007): app_time_stats: avg=1039.50ms min=1039.50ms max=1039.50ms count=1
D/EGL_emulation( 6007): app_time_stats: avg=540.66ms min=102.31ms max=802.60ms count=3
D/EGL_emulation( 6007): app_time_stats: avg=3480.68ms min=3480.68ms max=3480.68ms count=1
D/EGL_emulation( 6007): app_time_stats: avg=876.31ms min=816.59ms max=936.03ms count=2
W/WindowOnBackDispatcher( 6007): OnBackInvokedCallback is not enabled for the application.
W/WindowOnBackDispatcher( 6007): Set 'android:enableOnBackInvokedCallback="true"' in the application manifest.
D/EGL_emulation( 6007): app_time_stats: avg=580.18ms min=172.10ms max=823.20ms count=3
D/EGL_emulation( 6007): app_time_stats: avg=540.47ms min=103.82ms max=802.07ms count=3
D/EGL_emulation( 6007): app_time_stats: avg=5116.30ms min=5116.30ms max=5116.30ms count=1
D/EGL_emulation( 6007): app_time_stats: avg=882.92ms min=817.40ms max=948.45ms count=2
D/EGL_emulation( 6007): app_time_stats: avg=259.76ms min=39.27ms max=814.50ms count=4
D/EGL_emulation( 6007): app_time_stats: avg=477.60ms min=40.70ms max=820.10ms count=3
D/EGL_emulation( 6007): app_time_stats: avg=1024.20ms min=1024.20ms max=1024.20ms count=1
D/EGL_emulation( 6007): app_time_stats: avg=552.14ms min=125.14ms max=815.32ms count=3
D/EGL_emulation( 6007): app_time_stats: avg=6919.03ms min=6919.03ms max=6919.03ms count=1
D/EGL_emulation( 6007): app_time_stats: avg=576.71ms min=334.88ms max=818.53ms count=2
D/EGL_emulation( 6007): app_time_stats: avg=361.13ms min=47.83ms max=818.72ms count=4
D/EGL_emulation( 6007): app_time_stats: avg=300.19ms min=18.09ms max=815.91ms count=5
D/EGL_emulation( 6007): app_time_stats: avg=767.07ms min=716.43ms max=817.72ms count=2
D/EGL_emulation( 6007): app_time_stats: avg=4816.51ms min=4816.51ms max=4816.51ms count=1
W/WindowOnBackDispatcher( 6007): OnBackInvokedCallback is not enabled for the application.
W/WindowOnBackDispatcher( 6007): Set 'android:enableOnBackInvokedCallback="true"' in the application manifest.
D/EGL_emulation( 6007): app_time_stats: avg=534.01ms min=126.37ms max=941.64ms count=2
D/EGL_emulation( 6007): app_time_stats: avg=757.67ms min=716.09ms max=799.24ms count=2
D/EGL_emulation( 6007): app_time_stats: avg=3404.30ms min=3404.30ms max=3404.30ms count=1
D/EGL_emulation( 6007): app_time_stats: avg=878.94ms min=817.88ms max=940.00ms count=2
W/WindowOnBackDispatcher( 6007): OnBackInvokedCallback is not enabled for the application.
W/WindowOnBackDispatcher( 6007): Set 'android:enableOnBackInvokedCallback="true"' in the application manifest.
D/EGL_emulation( 6007): app_time_stats: avg=584.00ms min=110.99ms max=838.51ms count=3
D/EGL_emulation( 6007): app_time_stats: avg=202.77ms min=23.05ms max=809.69ms count=5
D/EGL_emulation( 6007): app_time_stats: avg=731.40ms min=644.27ms max=818.54ms count=2
D/EGL_emulation( 6007): app_time_stats: avg=5168.77ms min=5168.77ms max=5168.77ms count=1
D/EGL_emulation( 6007): app_time_stats: avg=532.11ms min=124.06ms max=940.16ms count=2
W/WindowOnBackDispatcher( 6007): OnBackInvokedCallback is not enabled for the application.
W/WindowOnBackDispatcher( 6007): Set 'android:enableOnBackInvokedCallback="true"' in the application manifest.
D/EGL_emulation( 6007): app_time_stats: avg=806.40ms min=783.33ms max=829.46ms count=2
D/EGL_emulation( 6007): app_time_stats: avg=555.00ms min=139.41ms max=807.44ms count=3
D/EGL_emulation( 6007): app_time_stats: avg=5156.61ms min=5156.61ms max=5156.61ms count=1
D/EGL_emulation( 6007): app_time_stats: avg=878.64ms min=814.58ms max=942.69ms count=2
D/EGL_emulation( 6007): app_time_stats: avg=356.27ms min=105.97ms max=832.31ms count=3
D/EGL_emulation( 6007): app_time_stats: avg=364.47ms min=51.86ms max=814.80ms count=4
D/EGL_emulation( 6007): app_time_stats: avg=766.64ms min=714.54ms max=818.74ms count=2
D/EGL_emulation( 6007): app_time_stats: avg=4999.30ms min=4999.30ms max=4999.30ms count=1
W/WindowOnBackDispatcher( 6007): OnBackInvokedCallback is not enabled for the application.
W/WindowOnBackDispatcher( 6007): Set 'android:enableOnBackInvokedCallback="true"' in the application manifest.
D/EGL_emulation( 6007): app_time_stats: avg=1026.49ms min=1026.49ms max=1026.49ms count=1
D/EGL_emulation( 6007): app_time_stats: avg=545.84ms min=90.24ms max=830.40ms count=3
D/EGL_emulation( 6007): app_time_stats: avg=3483.84ms min=3483.84ms max=3483.84ms count=1
D/EGL_emulation( 6007): app_time_stats: avg=871.10ms min=817.09ms max=925.12ms count=2
D/EGL_emulation( 6007): app_time_stats: avg=503.25ms min=177.46ms max=829.03ms count=2
W/WindowOnBackDispatcher( 6007): OnBackInvokedCallback is not enabled for the application.
W/WindowOnBackDispatcher( 6007): Set 'android:enableOnBackInvokedCallback="true"' in the application manifest.
D/EGL_emulation( 6007): app_time_stats: avg=550.95ms min=104.48ms max=801.51ms count=3
D/EGL_emulation( 6007): app_time_stats: avg=765.47ms min=714.16ms max=816.79ms count=2
D/EGL_emulation( 6007): app_time_stats: avg=5118.66ms min=5118.66ms max=5118.66ms count=1
D/EGL_emulation( 6007): app_time_stats: avg=535.16ms min=132.50ms max=937.82ms count=2
D/EGL_emulation( 6007): app_time_stats: avg=306.34ms min=37.15ms max=838.71ms count=5
D/EGL_emulation( 6007): app_time_stats: avg=878.31ms min=819.29ms max=937.33ms count=2
I/flutter ( 6007): 02:05 +1: (tearDownAll)
I/flutter ( 6007): 02:05 +2: All tests passed!
D/EGL_emulation( 6007): app_time_stats: avg=6725.15ms min=6725.15ms max=6725.15ms count=1
All tests passed.
